'''Cenário 1: jogo com um jogador, sem mortes'''
  0:00 InitGame: \sv_floodProtect\1\sv_maxPing\0\sv_minPing\0\sv_maxRate\10000\sv_minRate\0\sv_hostname\Code Miner Server\g_gametype\0\sv_privateClients\2\sv_maxclients\16\sv_allowDownload\0\dmflags\0\fraglimit\20\timelimit\15\g_maxGameClients\0\capturelimit\8\version\ioq3 1.36 linux-x86_64 Apr 12 2009\protocol\68\mapname\q3dm17\gamename\baseq3\g_needpass\0
  15:00 Exit: Timelimit hit.
  20:34 ClientConnect: 2
  20:34 ClientUserinfoChanged: 2 n\Isgalamido\t\0\model\xian/default\hmodel\xian/default\g_redteam\\g_blueteam\\c1\4\c2\5\hc\100\w\0\l\0\tt\0\tl\0
  20:37 ClientUserinfoChanged: 2 n\Isgalamido\t\0\model\uriel/zael\hmodel\uriel/zael\g_redteam\\g_blueteam\\c1\5\c2\5\hc\100\w\0\l\0\tt\0\tl\0
  20:37 ClientBegin: 2
  20:37 ShutdownGame:

'''Cenário 2: jogo com mortes causadas apenas pelo mundo'''
  0:00 ------------------------------------------------------------
  0:00 InitGame: \sv_floodProtect\1\sv_maxPing\0\sv_minPing\0\sv_maxRate\10000\sv_minRate\0\sv_hostname\Code Miner Server\g_gametype\0\sv_privateClients\2\sv_maxclients\16\sv_allowDownload\0\dmflags\0\fraglimit\20\timelimit\15\g_maxGameClients\0\capturelimit\8\version\ioq3 1.36 linux-x86_64 Apr 12 2009\protocol\68\mapname\q3dm17\gamename\baseq3\g_needpass\0
  0:25 ClientConnect: 2
  0:25 ClientUserinfoChanged: 2 n\Dono da Bola\t\0\model\sarge/krusade\hmodel\sarge/krusade\g_redteam\\g_blueteam\\c1\5\c2\5\hc\95\w\0\l\0\tt\0\tl\0
  0:27 ClientUserinfoChanged: 2 n\Mocinha\t\0\model\sarge\hmodel\sarge\g_redteam\\g_blueteam\\c1\4\c2\5\hc\95\w\0\l\0\tt\0\tl\0
  0:27 ClientBegin: 2
  0:29 Item: 2 weapon_rocketlauncher
  0:35 Item: 2 item_armor_shard
  1:26 Kill: 1022 4 22: <world> killed Mocinha by MOD_TRIGGER_HURT
  1:32 Kill: 1022 4 22: <world> killed Dono da Bola by MOD_TRIGGER_HURT
  1:41 Kill: 1022 2 19: <world> killed Dono da Bola by MOD_FALLING
  1:41 Item: 3 weapon_railgun
  1:43 Item: 2 ammo_rockets
  1:44 Item: 2 weapon_rocketlauncher
  1:46 Item: 2 item_armor_shard
  1:47 Item: 2 item_armor_shard
  1:47 Item: 2 item_armor_shard
  1:47 ShutdownGame:

'''Cenário 3: jogo com mortes causadas apenas por jogadores'''
  0:00 ------------------------------------------------------------
  0:00 InitGame: \sv_floodProtect\1\sv_maxPing\0\sv_minPing\0\sv_maxRate\10000\sv_minRate\0\sv_hostname\Code Miner Server\g_gametype\0\sv_privateClients\2\sv_maxclients\16\sv_allowDownload\0\dmflags\0\fraglimit\20\timelimit\15\g_maxGameClients\0\capturelimit\8\version\ioq3 1.36 linux-x86_64 Apr 12 2009\protocol\68\mapname\q3dm17\gamename\baseq3\g_needpass\0
  0:25 ClientConnect: 2
  0:25 ClientUserinfoChanged: 2 n\Dono da Bola\t\0\model\sarge/krusade\hmodel\sarge/krusade\g_redteam\\g_blueteam\\c1\5\c2\5\hc\95\w\0\l\0\tt\0\tl\0
  0:27 ClientUserinfoChanged: 2 n\Mocinha\t\0\model\sarge\hmodel\sarge\g_redteam\\g_blueteam\\c1\4\c2\5\hc\95\w\0\l\0\tt\0\tl\0
  0:27 ClientBegin: 2
  0:29 Item: 2 weapon_rocketlauncher
  0:48 Kill: 3 2 6: Dono da Bola killed Mocinha by MOD_ROCKET
  1:08 Kill: 3 2 6: Dono da Bola killed Mocinha by MOD_ROCKET
  1:37 Item: 2 item_armor_shard
  1:43 Kill: 3 2 6: Mocinha killed Dono da Bola by MOD_ROCKET
  1:47 ShutdownGame:

'''Cenário 4: jogo com mortes causadas por jogadore e pelo mundo, com entrada de um novo jogador no meio do jogo'''
  0:00 ------------------------------------------------------------
  0:00 InitGame: \capturelimit\8\g_maxGameClients\0\timelimit\15\fraglimit\20\dmflags\0\sv_allowDownload\0\sv_maxclients\16\sv_privateClients\2\g_gametype\0\sv_hostname\Code Miner Server\sv_minRate\0\sv_maxRate\10000\sv_minPing\0\sv_maxPing\0\sv_floodProtect\1\version\ioq3 1.36 linux-x86_64 Apr 12 2009\protocol\68\mapname\q3dm17\gamename\baseq3\g_needpass\0
  0:07 ClientConnect: 2
  0:07 ClientUserinfoChanged: 2 n\Fasano Again\t\0\model\razor/id\hmodel\razor/id\g_redteam\\g_blueteam\\c1\3\c2\5\hc\100\w\0\l\0\tt\0\tl\0
  0:10 ClientUserinfoChanged: 2 n\Oootsimo\t\0\model\razor/id\hmodel\razor/id\g_redteam\\g_blueteam\\c1\3\c2\5\hc\100\w\0\l\0\tt\0\tl\0
  0:10 ClientBegin: 2
  0:12 Item: 2 weapon_rocketlauncher
  0:14 Item: 2 item_armor_body
  0:15 ClientConnect: 3
  0:15 ClientUserinfoChanged: 3 n\Isgalamido\t\0\model\xian/default\hmodel\xian/default\g_redteam\\g_blueteam\\c1\4\c2\5\hc\100\w\0\l\0\tt\0\tl\0
  0:16 Item: 2 ammo_rockets
  0:17 Item: 2 weapon_rocketlauncher
  0:17 ClientConnect: 4
  0:17 ClientUserinfoChanged: 4 n\Zeh\t\0\model\sarge/default\hmodel\sarge/default\g_redteam\\g_blueteam\\c1\5\c2\5\hc\100\w\0\l\0\tt\0\tl\0
  0:18 ClientUserinfoChanged: 3 n\Isgalamido\t\0\model\uriel/zael\hmodel\uriel/zael\g_redteam\\g_blueteam\\c1\5\c2\5\hc\100\w\0\l\0\tt\0\tl\0
  0:18 ClientBegin: 3
  0:19 ClientUserinfoChanged: 4 n\Zeh\t\0\model\sarge/default\hmodel\sarge/default\g_redteam\\g_blueteam\\c1\1\c2\5\hc\100\w\0\l\0\tt\0\tl\0
  0:19 ClientBegin: 4
  0:20 Item: 2 item_armor_shard
  0:25 Kill: 2 4 6: Oootsimo killed Zeh by MOD_ROCKET
  0:26 Item: 2 weapon_shotgun
  0:49 Kill: 3 4 10: Isgalamido killed Zeh by MOD_RAILGUN
  0:51 Item: 2 item_armor_shard
  1:17 Item: 3 item_quad
  1:17 Kill: 1022 2 22: <world> killed Oootsimo by MOD_TRIGGER_HURT
  1:19 Item: 3 item_armor_shard
  1:19 ClientConnect: 5
  1:19 ClientUserinfoChanged: 5 n\Dono da Bola\t\0\model\sarge/krusade\hmodel\sarge/krusade\g_redteam\\g_blueteam\\c1\5\c2\5\hc\95\w\0\l\0\tt\0\tl\0
  1:20 Item: 4 item_armor_body
  1:21 ClientConnect: 6
  1:21 ClientUserinfoChanged: 6 n\UnnamedPlayer\t\0\model\sarge\hmodel\sarge\g_redteam\\g_blueteam\\c1\4\c2\5\hc\100\w\0\l\0\tt\0\tl\0
  1:21 ClientUserinfoChanged: 5 n\Dono da Bola\t\0\model\sarge\hmodel\sarge\g_redteam\\g_blueteam\\c1\4\c2\5\hc\95\w\0\l\0\tt\0\tl\0
  1:21 ClientBegin: 5
  1:21 Item: 2 weapon_rocketlauncher
  1:24 ClientUserinfoChanged: 6 n\UnnamedPlayer\t\0\model\sarge\hmodel\sarge\g_redteam\\g_blueteam\\c1\4\c2\5\hc\100\w\0\l\0\tt\0\tl\0
  1:24 ClientBegin: 6
  1:31 Kill: 1022 4 19: <world> killed Zeh by MOD_FALLING
  1:31 Kill: 3 6 1: Isgalamido killed UnnamedPlayer by MOD_SHOTGUN
  1:34 Kill: 3 5 1: Isgalamido killed Dono da Bola by MOD_SHOTGUN
  1:43 Item: 5 weapon_rocketlauncher
  1:45 Kill: 4 3 10: Zeh killed Isgalamido by MOD_RAILGUN
  1:45 ClientUserinfoChanged: 6 n\Maluquinho\t\0\model\sarge\hmodel\sarge\g_redteam\\g_blueteam\\c1\4\c2\5\hc\100\w\0\l\0\tt\0\tl\0
  1:50 Item: 6 weapon_rocketlauncher
  1:51 Kill: 5 3 7: Dono da Bola killed Isgalamido by MOD_ROCKET_SPLASH
  1:54 Item: 5 weapon_railgun
  1:54 Kill: 2 5 7: Oootsimo killed Dono da Bola by MOD_ROCKET_SPLASH
  2:02 Kill: 6 4 7: Maluquinho killed Zeh by MOD_ROCKET_SPLASH
  3:32 ShutdownGame:
 
'''Cenário 5: jogo que inicia e não termina (sem ShutdownGame)'''
  0:25 ------------------------------------------------------------
  0:25 InitGame: \sv_floodProtect\1\sv_maxPing\0\sv_minPing\0\sv_maxRate\10000\sv_minRate\0\sv_hostname\Code Miner Server\g_gametype\0\sv_privateClients\2\sv_maxclients\16\sv_allowDownload\0\dmflags\0\fraglimit\20\timelimit\15\g_maxGameClients\0\capturelimit\8\version\ioq3 1.36 linux-x86_64 Apr 12 2009\protocol\68\mapname\q3dm17\gamename\baseq3\g_needpass\0
  0:25 ClientConnect: 2
  0:25 ClientUserinfoChanged: 2 n\Dono da Bola\t\0\model\sarge/krusade\hmodel\sarge/krusade\g_redteam\\g_blueteam\\c1\5\c2\5\hc\95\w\0\l\0\tt\0\tl\0
  0:27 ClientUserinfoChanged: 2 n\Mocinha\t\0\model\sarge\hmodel\sarge\g_redteam\\g_blueteam\\c1\4\c2\5\hc\95\w\0\l\0\tt\0\tl\0
  0:27 ClientBegin: 2
  0:29 Item: 2 weapon_rocketlauncher
  0:48 Kill: 3 2 6: Dono da Bola killed Mocinha by MOD_ROCKET

'''Cenário 6: jogo em que o mundo mata um jogador inexistente'''
  0:25 ------------------------------------------------------------
  0:25 InitGame: \sv_floodProtect\1\sv_maxPing\0\sv_minPing\0\sv_maxRate\10000\sv_minRate\0\sv_hostname\Code Miner Server\g_gametype\0\sv_privateClients\2\sv_maxclients\16\sv_allowDownload\0\dmflags\0\fraglimit\20\timelimit\15\g_maxGameClients\0\capturelimit\8\version\ioq3 1.36 linux-x86_64 Apr 12 2009\protocol\68\mapname\q3dm17\gamename\baseq3\g_needpass\0
  0:25 ClientConnect: 2
  0:25 ClientUserinfoChanged: 2 n\Dono da Bola\t\0\model\sarge/krusade\hmodel\sarge/krusade\g_redteam\\g_blueteam\\c1\5\c2\5\hc\95\w\0\l\0\tt\0\tl\0
  0:27 ClientUserinfoChanged: 2 n\Mocinha\t\0\model\sarge\hmodel\sarge\g_redteam\\g_blueteam\\c1\4\c2\5\hc\95\w\0\l\0\tt\0\tl\0
  0:27 ClientBegin: 2
  0:29 Item: 2 weapon_rocketlauncher
  0:48 Kill: 3 2 6: Dono da Bola killed Mocinha by MOD_ROCKET
  0:35 Item: 2 item_armor_shard
  1:26 Kill: 1022 4 22: <world> killed Mocinha by MOD_TRIGGER_HURT
  1:32 Kill: 1022 4 22: <world> killed Zeh by MOD_TRIGGER_HURT
  3:32 ShutdownGame:
'''Cenário 7: jogos em que o jogador que mata é inexistente'''
  0:25 ------------------------------------------------------------
  0:25 InitGame: \sv_floodProtect\1\sv_maxPing\0\sv_minPing\0\sv_maxRate\10000\sv_minRate\0\sv_hostname\Code Miner Server\g_gametype\0\sv_privateClients\2\sv_maxclients\16\sv_allowDownload\0\dmflags\0\fraglimit\20\timelimit\15\g_maxGameClients\0\capturelimit\8\version\ioq3 1.36 linux-x86_64 Apr 12 2009\protocol\68\mapname\q3dm17\gamename\baseq3\g_needpass\0
  0:25 ClientConnect: 2
  0:25 ClientUserinfoChanged: 2 n\Dono da Bola\t\0\model\sarge/krusade\hmodel\sarge/krusade\g_redteam\\g_blueteam\\c1\5\c2\5\hc\95\w\0\l\0\tt\0\tl\0
  0:27 ClientUserinfoChanged: 2 n\Mocinha\t\0\model\sarge\hmodel\sarge\g_redteam\\g_blueteam\\c1\4\c2\5\hc\95\w\0\l\0\tt\0\tl\0
  0:27 ClientBegin: 2
  0:29 Item: 2 weapon_rocketlauncher
  0:48 Kill: 3 2 6: Dono da Bola killed Mocinha by MOD_ROCKET
  0:35 Item: 2 item_armor_shard
  0:48 Kill: 3 2 6: Dono killed Mocinha by MOD_ROCKET
  3:32 ShutdownGame:
